
============================================================
  EXP 数据链核验
============================================================

--- 来源1: 完成日常作业 ---
  [PASS] 语文 EXP +50 (实际=50)
  [PASS] 数据库 EXP>=50 (实际=50)
  [PASS] 数学 EXP +100 (实际=100)
  [PASS] 数据库 EXP>=150 (实际=150)
  [PASS] 英语后 EXP>=200 (实际=200)
  [PASS] 课外阅读后 EXP>=240 (实际=240)
  [PASS] 体育锻炼后 EXP>=270 (实际=270)
  [PASS] EXP 只增不减

--- 来源2: 宝箱经验卡(+20) ---
  [PASS] 宝箱经验卡后 EXP>=290 (实际=290)

--- 来源3: 家长额外任务 ---
  [PASS] 额外任务 EXP+80 (实际=80)
  [PASS] 额外任务后 EXP>=370 (实际=370)
  [PASS] 跳绳额外任务 EXP+30 → >=400 (实际=400)
  [PASS] 12模板 EXP 值正确: [20, 30, 40, 40, 50, 50, 60, 60, 70, 80, 80, 100]

--- 来源4: 随机惊喜 ---
  [PASS] 随机惊喜 EXP+30 → 430 (实际=430)
  [PASS] 随机惊喜 EXP+50 → 480 (实际=480)

--- EXP → 进化阶段映射 ---
  [PASS] EXP=0 → Stage 0 (期望 0)
  [PASS] EXP=0 → Progress 0.0% (期望 ~0.0%)
  [PASS] EXP=400 → Stage 0 (期望 0)
  [PASS] EXP=400 → Progress 50.0% (期望 ~50.0%)
  [PASS] EXP=799 → Stage 0 (期望 0)
  [PASS] EXP=799 → Progress 99.9% (期望 ~99.9%)
  [PASS] EXP=800 → Stage 1 (期望 1)
  [PASS] EXP=800 → Progress 0.0% (期望 ~0.0%)
  [PASS] EXP=1400 → Stage 1 (期望 1)
  [PASS] EXP=1400 → Progress 50.0% (期望 ~50.0%)
  [PASS] EXP=1999 → Stage 1 (期望 1)
  [PASS] EXP=1999 → Progress 99.9% (期望 ~99.9%)
  [PASS] EXP=2000 → Stage 2 (期望 2)
  [PASS] EXP=2000 → Progress 0.0% (期望 ~0.0%)
  [PASS] EXP=3999 → Stage 2 (期望 2)
  [PASS] EXP=3999 → Progress 100.0% (期望 ~100.0%)
  [PASS] EXP=4000 → Stage 3 (期望 3)
  [PASS] EXP=4000 → Progress 0.0% (期望 ~0.0%)
  [PASS] EXP=7999 → Stage 3 (期望 3)
  [PASS] EXP=7999 → Progress 100.0% (期望 ~100.0%)
  [PASS] EXP=8000 → Stage 4 (期望 4)
  [PASS] EXP=8000 → Progress 100.0% (期望 ~100.0%)
  [PASS] EXP=9999 → Stage 4 (期望 4)
  [PASS] EXP=9999 → Progress 100.0% (期望 ~100.0%)

--- EXP 只增不减验证 ---
  [PASS] EXP 只有增加操作，无消耗途径 [OK]

  EXP 总来源: 日常作业(5科) + 宝箱(+20) + 额外任务(12模板) + 随机惊喜(+30/+50)
  EXP 消耗途径: 无

============================================================
  龙币数据链核验
============================================================

--- 来源1: 完成日常作业 ---
  [PASS] 语文完成
  [PASS] 语文 coins+5 (实际=5)
  [PASS] 数学完成
  [PASS] 数学 homework coins+10 (实际=10)
  [PASS] 数学挑战赛 coins+20 (实际=20)
  [PASS] 英语完成（coins从交易记录验证）

--- 来源2: 行为评价 ---
  [PASS] 正向评价 coins+10 (实际=10)
  [PASS] 负向评价 coins-5 (实际=-5)
  [PASS] coin_transactions balance_after 链连续（不含随机惊喜）
  [PASS] pet.coins=45 == 最后交易记录 balance_after=45

--- 来源3: 专注打卡 ---
  [PASS] 专注10min coins+15 (实际=15)
  [PASS] 专注交易记录 amount=15 (实际=15)
  [PASS] 专注20min交易记录 amount=30 (实际=30)
  [PASS] 专注30min交易记录 amount=50 (实际=50)
  [PASS] FOCUS_COINS 配置正确: {10: 15, 20: 30, 30: 50}

--- 来源4: 额外任务 ---
  [PASS] 额外任务 coins+2 (实际=2)
  [PASS] 12模板 coins 值正确: [2, 3, 4, 4, 5, 5, 6, 6, 7, 8, 8, 10]

--- 来源5: 随机惊喜 ---
  [PASS] 随机惊喜 coins 奖品: +15/+25/+50（需20%概率触发，手动验证类型）
  [PASS] 惊喜支持 coins 类型

--- 消耗1: 商店购买装饰 ---
  [PASS] 购买装饰 #4 成功 (price=50)
  [PASS] 购买扣减 coins=-50 (实际=-50)

--- 消耗2: 商店买零食喂食 ---
  [PASS] 买零食喂食成功
  [PASS] 买零食扣减 coins=-5 (实际=-5)

--- 消耗3: 零花钱兑换 ---
  [PASS] 零花钱兑换 100 龙币
  [PASS] 兑换预扣 coins=-100 (实际=-100)
  [PASS] 兑换后龙币减少 (实际=100)

--- 退还: 拒绝零花钱 ---
  [PASS] 拒绝零花钱成功
  [PASS] 退还 coins+100 (实际=100)
  [PASS] 拒绝后龙币恢复

--- 整体 balance_after 链验证 ---
  [PASS] pet.coins=200 == 最终 balance_after=200
  [PASS] stats.total_earned=247 == sum earn=247
  [PASS] stats.total_spent=160 == sum spend=160

--- 干净的 balance_after 链验证（无直接 DB 修改） ---
  [PASS] 清空后无交易记录
  [PASS] 专注10min成功 (实际={'success': True, 'message': '太棒了！专注10分钟完成！+15龙币 🪙', 'coins': 15, 'new_balance': 15, 'duration': 10})
  [PASS] 专注20min成功 (实际={'success': True, 'message': '太棒了！专注20分钟完成！+30龙币 🪙', 'coins': 30, 'new_balance': 45, 'duration': 20})
  [PASS] 干净环境 2 条交易 balance_after 链连续
  [PASS] pet.coins=45 == balance_after=45

--- 周末双倍龙币验证 ---
  [PASS] 当前星期=0 (5=周六,6=周日), 周末双倍未启用
  [INFO] 今天不是周末，跳过硬编码双倍验证
  [INFO] add_coins double_weekend=True 时 weekday()>=5 触发翻倍
  [PASS] double_weekend 逻辑正确（代码审查通过）

============================================================
  成就检查 — 互动高手 BUG 已修复验证
============================================================
  [PASS] 互动高手描述: 累计互动100次
  [INFO] 当前互动记录数: 0
  [PASS] 3次互动后互动记录增加3条 (0→3)
  [PASS] 3种互动类型都正常
  [INFO] 确认焦点不在focus(2)或task(3)统计，而是interact记录
  [PASS] 互动高手成就: 已修复为统计 source='interact' 的互动次数 [OK]

============================================================
  测试报告
============================================================
  总测试数: 83
  通过: 83
  失败: 0

============================================================
  EXP 和 龙币 数据链核验完成！
  通过: 83, 失败: 0
